"","comp1","comp2","comp3"
"mrna",0.928052431320372,0.763737270905266,0.260630996997679
"mirna",0.817054882817338,0.557525893643718,0.317310760181807
"prot",0.908535015711084,0.745456603480187,0.320943189515769
